[18:23] Buscando LiveCoins RSS...
  8 artigos salvos em livecoins.json
  Push feito.
[19:23] Buscando LiveCoins RSS...
  8 artigos salvos em livecoins.json
  Push feito.
[20:23] Buscando LiveCoins RSS...
  8 artigos salvos em livecoins.json
  Push feito.
[21:23] Buscando LiveCoins RSS...
  8 artigos salvos em livecoins.json
  Push feito.
[22:23] Buscando LiveCoins RSS...
  8 artigos salvos em livecoins.json
  Push feito.
[23:24] Buscando LiveCoins RSS...
  8 artigos salvos em livecoins.json
  Push feito.
[00:24] Buscando LiveCoins RSS...
  8 artigos salvos em livecoins.json
  Push feito.
[01:24] Buscando LiveCoins RSS...
  8 artigos salvos em livecoins.json
  Push feito.
[02:24] Buscando LiveCoins RSS...
  8 artigos salvos em livecoins.json
  Push feito.
[03:24] Buscando LiveCoins RSS...
  8 artigos salvos em livecoins.json
  Push feito.
[04:24] Buscando LiveCoins RSS...
  8 artigos salvos em livecoins.json
  Push feito.
[05:24] Buscando LiveCoins RSS...
  8 artigos salvos em livecoins.json
  Push feito.
[06:24] Buscando LiveCoins RSS...
  8 artigos salvos em livecoins.json
  Push feito.
[07:24] Buscando LiveCoins RSS...
  8 artigos salvos em livecoins.json
  Push feito.
[08:24] Buscando LiveCoins RSS...
  8 artigos salvos em livecoins.json
  Push feito.
[09:24] Buscando LiveCoins RSS...
  8 artigos salvos em livecoins.json
  Push feito.
[10:25] Buscando LiveCoins RSS...
  8 artigos salvos em livecoins.json
  Push feito.
[11:25] Buscando LiveCoins RSS...
  8 artigos salvos em livecoins.json
  Push feito.
[12:25] Buscando LiveCoins RSS...
  8 artigos salvos em livecoins.json
  Push feito.
[13:25] Buscando LiveCoins RSS...
  8 artigos salvos em livecoins.json
  Push feito.
[14:25] Buscando LiveCoins RSS...
  8 artigos salvos em livecoins.json
  Push feito.
[15:25] Buscando LiveCoins RSS...
  8 artigos salvos em livecoins.json
  Push feito.
[16:25] Buscando LiveCoins RSS...
  8 artigos salvos em livecoins.json
  Push feito.
[17:25] Buscando LiveCoins RSS...
  8 artigos salvos em livecoins.json
  Push feito.
[18:25] Buscando LiveCoins RSS...
  8 artigos salvos em livecoins.json
  Push feito.
[19:25] Buscando LiveCoins RSS...
  8 artigos salvos em livecoins.json
  Push feito.
[20:26] Buscando LiveCoins RSS...
  8 artigos salvos em livecoins.json
  Push feito.
[21:26] Buscando LiveCoins RSS...
  8 artigos salvos em livecoins.json
  Push feito.
[22:26] Buscando LiveCoins RSS...
  8 artigos salvos em livecoins.json
  Push feito.
[23:26] Buscando LiveCoins RSS...
  8 artigos salvos em livecoins.json
  Push feito.
[00:26] Buscando LiveCoins RSS...
  8 artigos salvos em livecoins.json
  Push feito.
[01:26] Buscando LiveCoins RSS...
  8 artigos salvos em livecoins.json
  Push feito.
[02:26] Buscando LiveCoins RSS...
  8 artigos salvos em livecoins.json
  Push feito.
[03:26] Buscando LiveCoins RSS...
  8 artigos salvos em livecoins.json
  Push feito.
[04:26] Buscando LiveCoins RSS...
  8 artigos salvos em livecoins.json
  Push feito.
[05:26] Buscando LiveCoins RSS...
  8 artigos salvos em livecoins.json
  Push feito.
[06:27] Buscando LiveCoins RSS...
  8 artigos salvos em livecoins.json
  Push feito.
[07:27] Buscando LiveCoins RSS...
  8 artigos salvos em livecoins.json
  Push feito.
[08:27] Buscando LiveCoins RSS...
  8 artigos salvos em livecoins.json
  Push feito.
[09:27] Buscando LiveCoins RSS...
  8 artigos salvos em livecoins.json
  Push feito.
[10:27] Buscando LiveCoins RSS...
  8 artigos salvos em livecoins.json
  Push feito.
[11:27] Buscando LiveCoins RSS...
  8 artigos salvos em livecoins.json
  Push feito.
[12:27] Buscando LiveCoins RSS...
  8 artigos salvos em livecoins.json
  Push feito.
[13:27] Buscando LiveCoins RSS...
  8 artigos salvos em livecoins.json
  Push feito.
[14:27] Buscando LiveCoins RSS...
  8 artigos salvos em livecoins.json
  Git: To github.com:Rafapleum77/radio_audio.git
 ! [rejected]            main -> main (fetch first)
error: failed to push some refs to 'github.com:Rafapleum77/radio_audio.git'
hint: Updates were rejected because the remote contains work that you do not
hint: have locally. This is usually caused by another repository pushing to
hint: the same ref. If you want to integrate the remote changes, use
hint: 'git pull' before pushing again.
hint: See the 'Note about fast-forwards' in 'git push --help' for details.

[15:28] Buscando LiveCoins RSS...
  8 artigos salvos em livecoins.json
  Push feito.
[16:28] Buscando LiveCoins RSS...
  8 artigos salvos em livecoins.json
  Push feito.
[17:45] Buscando LiveCoins RSS...
  8 artigos salvos em livecoins.json
  Push feito.
[18:45] Buscando LiveCoins RSS...
  8 artigos salvos em livecoins.json
  Push feito.
[19:45] Buscando LiveCoins RSS...
  8 artigos salvos em livecoins.json
  Push feito.
[20:45] Buscando LiveCoins RSS...
  8 artigos salvos em livecoins.json
  Push feito.
[21:45] Buscando LiveCoins RSS...
  8 artigos salvos em livecoins.json
  Push feito.
[22:45] Buscando LiveCoins RSS...
  8 artigos salvos em livecoins.json
  Push feito.
[23:46] Buscando LiveCoins RSS...
  8 artigos salvos em livecoins.json
  Push feito.
[00:46] Buscando LiveCoins RSS...
  8 artigos salvos em livecoins.json
  Push feito.
[01:46] Buscando LiveCoins RSS...
  8 artigos salvos em livecoins.json
  Git: To github.com:Rafapleum77/radio_audio.git
 ! [rejected]            main -> main (fetch first)
error: failed to push some refs to 'github.com:Rafapleum77/radio_audio.git'
hint: Updates were rejected because the remote contains work that you do not
hint: have locally. This is usually caused by another repository pushing to
hint: the same ref. If you want to integrate the remote changes, use
hint: 'git pull' before pushing again.
hint: See the 'Note about fast-forwards' in 'git push --help' for details.

[02:46] Buscando LiveCoins RSS...
  8 artigos salvos em livecoins.json
  Push feito.
[03:46] Buscando LiveCoins RSS...
  8 artigos salvos em livecoins.json
  Push feito.
[04:46] Buscando LiveCoins RSS...
  8 artigos salvos em livecoins.json
  Push feito.
[05:46] Buscando LiveCoins RSS...
  8 artigos salvos em livecoins.json
  Push feito.
[06:46] Buscando LiveCoins RSS...
  8 artigos salvos em livecoins.json
  Push feito.
[07:47] Buscando LiveCoins RSS...
  8 artigos salvos em livecoins.json
  Push feito.
[08:47] Buscando LiveCoins RSS...
  8 artigos salvos em livecoins.json
  Push feito.
[09:47] Buscando LiveCoins RSS...
  8 artigos salvos em livecoins.json
  Push feito.
[10:47] Buscando LiveCoins RSS...
  8 artigos salvos em livecoins.json
  Push feito.
[11:47] Buscando LiveCoins RSS...
  8 artigos salvos em livecoins.json
  Push feito.
[12:47] Buscando LiveCoins RSS...
  8 artigos salvos em livecoins.json
  Push feito.
[13:47] Buscando LiveCoins RSS...
  8 artigos salvos em livecoins.json
  Push feito.
[14:47] Buscando LiveCoins RSS...
  8 artigos salvos em livecoins.json
  Push feito.
[15:47] Buscando LiveCoins RSS...
  8 artigos salvos em livecoins.json
  Push feito.
[16:48] Buscando LiveCoins RSS...
  8 artigos salvos em livecoins.json
  Push feito.
[17:48] Buscando LiveCoins RSS...
  8 artigos salvos em livecoins.json
  Push feito.
[18:48] Buscando LiveCoins RSS...
  8 artigos salvos em livecoins.json
  Push feito.
[19:48] Buscando LiveCoins RSS...
  8 artigos salvos em livecoins.json
  Push feito.
[20:48] Buscando LiveCoins RSS...
  8 artigos salvos em livecoins.json
  Push feito.
[21:48] Buscando LiveCoins RSS...
  8 artigos salvos em livecoins.json
  Push feito.
[22:48] Buscando LiveCoins RSS...
  8 artigos salvos em livecoins.json
  Push feito.
[23:49] Buscando LiveCoins RSS...
  8 artigos salvos em livecoins.json
  Push feito.
[00:49] Buscando LiveCoins RSS...
  8 artigos salvos em livecoins.json
  Push feito.
[01:49] Buscando LiveCoins RSS...
  8 artigos salvos em livecoins.json
  Git: To github.com:Rafapleum77/radio_audio.git
 ! [remote rejected]     main -> main (cannot lock ref 'refs/heads/main': is at 1a17d79037f7a720524f9d770eab96b084a6a823 but expected ff3f832b44b12c5c14165b327fbd4d66bc128d23)
error: failed to push some refs to 'github.com:Rafapleum77/radio_audio.git'

[02:49] Buscando LiveCoins RSS...
  8 artigos salvos em livecoins.json
  Push feito.
[03:49] Buscando LiveCoins RSS...
  8 artigos salvos em livecoins.json
  Push feito.
[04:49] Buscando LiveCoins RSS...
  8 artigos salvos em livecoins.json
  Push feito.
[05:49] Buscando LiveCoins RSS...
  8 artigos salvos em livecoins.json
  Push feito.
[06:49] Buscando LiveCoins RSS...
  8 artigos salvos em livecoins.json
  Push feito.
[07:50] Buscando LiveCoins RSS...
  8 artigos salvos em livecoins.json
  Push feito.
[08:50] Buscando LiveCoins RSS...
  8 artigos salvos em livecoins.json
  Push feito.
[09:50] Buscando LiveCoins RSS...
  8 artigos salvos em livecoins.json
  Push feito.
[10:50] Buscando LiveCoins RSS...
  8 artigos salvos em livecoins.json
  Push feito.
[11:50] Buscando LiveCoins RSS...
  8 artigos salvos em livecoins.json
  Push feito.
[12:50] Buscando LiveCoins RSS...
  8 artigos salvos em livecoins.json
  Push feito.
[13:50] Buscando LiveCoins RSS...
  8 artigos salvos em livecoins.json
  Push feito.
[14:50] Buscando LiveCoins RSS...
  8 artigos salvos em livecoins.json
  Push feito.
[15:50] Buscando LiveCoins RSS...
  8 artigos salvos em livecoins.json
  Push feito.
[16:51] Buscando LiveCoins RSS...
  8 artigos salvos em livecoins.json
  Push feito.
[17:51] Buscando LiveCoins RSS...
  8 artigos salvos em livecoins.json
  Push feito.
[18:51] Buscando LiveCoins RSS...
  8 artigos salvos em livecoins.json
  Push feito.
[19:51] Buscando LiveCoins RSS...
  8 artigos salvos em livecoins.json
  Push feito.
[20:51] Buscando LiveCoins RSS...
  8 artigos salvos em livecoins.json
  Push feito.
[21:51] Buscando LiveCoins RSS...
  8 artigos salvos em livecoins.json
  Push feito.
[22:51] Buscando LiveCoins RSS...
  8 artigos salvos em livecoins.json
  Push feito.
[23:51] Buscando LiveCoins RSS...
  8 artigos salvos em livecoins.json
  Push feito.
[00:52] Buscando LiveCoins RSS...
  8 artigos salvos em livecoins.json
  Push feito.
[01:52] Buscando LiveCoins RSS...
  8 artigos salvos em livecoins.json
  Push feito.
[02:52] Buscando LiveCoins RSS...
  8 artigos salvos em livecoins.json
  Push feito.
[03:52] Buscando LiveCoins RSS...
  8 artigos salvos em livecoins.json
  Push feito.
[04:52] Buscando LiveCoins RSS...
  8 artigos salvos em livecoins.json
  Push feito.
[05:52] Buscando LiveCoins RSS...
  8 artigos salvos em livecoins.json
  Push feito.
[06:52] Buscando LiveCoins RSS...
  8 artigos salvos em livecoins.json
  Push feito.
[07:52] Buscando LiveCoins RSS...
  8 artigos salvos em livecoins.json
  Push feito.
[08:52] Buscando LiveCoins RSS...
  8 artigos salvos em livecoins.json
  Push feito.
[09:53] Buscando LiveCoins RSS...
  8 artigos salvos em livecoins.json
  Push feito.
[10:53] Buscando LiveCoins RSS...
  8 artigos salvos em livecoins.json
  Push feito.
[11:53] Buscando LiveCoins RSS...
  8 artigos salvos em livecoins.json
  Push feito.
[12:53] Buscando LiveCoins RSS...
  8 artigos salvos em livecoins.json
  Push feito.
[13:53] Buscando LiveCoins RSS...
  8 artigos salvos em livecoins.json
  Push feito.
[14:53] Buscando LiveCoins RSS...
  8 artigos salvos em livecoins.json
  Push feito.
[15:53] Buscando LiveCoins RSS...
  8 artigos salvos em livecoins.json
  Git: To github.com:Rafapleum77/radio_audio.git
 ! [remote rejected]     main -> main (cannot lock ref 'refs/heads/main': is at 7764debe2f6fae19e6d157fad741d566c1c7cd5c but expected 4885b5966388a2ab6fbac6ea5e443c7e718eb676)
error: failed to push some refs to 'github.com:Rafapleum77/radio_audio.git'

[16:53] Buscando LiveCoins RSS...
  8 artigos salvos em livecoins.json
  Git: From github.com:Rafapleum77/radio_audio
   ad7b6eb79..793a60293  main       -> origin/main
You are not currently on a branch.
Please specify which branch you want to rebase against.
See git-pull(1) for details.

    git pull <remote> <branch>


[17:54] Buscando LiveCoins RSS...
  8 artigos salvos em livecoins.json
  Git: From github.com:Rafapleum77/radio_audio
   dbef1b563..51b05a8d4  main       -> origin/main
You are not currently on a branch.
Please specify which branch you want to rebase against.
See git-pull(1) for details.

    git pull <remote> <branch>


[18:54] Buscando LiveCoins RSS...
  8 artigos salvos em livecoins.json
  Git: From github.com:Rafapleum77/radio_audio
   7dafad503..2142a10bd  main       -> origin/main
You are not currently on a branch.
Please specify which branch you want to rebase against.
See git-pull(1) for details.

    git pull <remote> <branch>


[19:54] Buscando LiveCoins RSS...
  8 artigos salvos em livecoins.json
  Git: From github.com:Rafapleum77/radio_audio
   51a59d2ba..3617492e6  main       -> origin/main
You are not currently on a branch.
Please specify which branch you want to rebase against.
See git-pull(1) for details.

    git pull <remote> <branch>


[20:54] Buscando LiveCoins RSS...
  8 artigos salvos em livecoins.json
  Git: From github.com:Rafapleum77/radio_audio
   f8deb3428..679f43eae  main       -> origin/main
You are not currently on a branch.
Please specify which branch you want to rebase against.
See git-pull(1) for details.

    git pull <remote> <branch>


[21:54] Buscando LiveCoins RSS...
  8 artigos salvos em livecoins.json
  Git: From github.com:Rafapleum77/radio_audio
   48d18cb3e..990c76532  main       -> origin/main
You are not currently on a branch.
Please specify which branch you want to rebase against.
See git-pull(1) for details.

    git pull <remote> <branch>


[22:54] Buscando LiveCoins RSS...
  8 artigos salvos em livecoins.json
  Git: From github.com:Rafapleum77/radio_audio
   b41940256..c0066e757  main       -> origin/main
You are not currently on a branch.
Please specify which branch you want to rebase against.
See git-pull(1) for details.

    git pull <remote> <branch>


[23:54] Buscando LiveCoins RSS...
  8 artigos salvos em livecoins.json
  Git: From github.com:Rafapleum77/radio_audio
   51ea288a2..7ffca5884  main       -> origin/main
You are not currently on a branch.
Please specify which branch you want to rebase against.
See git-pull(1) for details.

    git pull <remote> <branch>


[00:54] Buscando LiveCoins RSS...
  8 artigos salvos em livecoins.json
  Git: From github.com:Rafapleum77/radio_audio
   323cdf48a..2ebb58d33  main       -> origin/main
You are not currently on a branch.
Please specify which branch you want to rebase against.
See git-pull(1) for details.

    git pull <remote> <branch>


[01:54] Buscando LiveCoins RSS...
  8 artigos salvos em livecoins.json
  Git: From github.com:Rafapleum77/radio_audio
   c0095f6ff..63893d498  main       -> origin/main
You are not currently on a branch.
Please specify which branch you want to rebase against.
See git-pull(1) for details.

    git pull <remote> <branch>


[02:54] Buscando LiveCoins RSS...
  8 artigos salvos em livecoins.json
  Git: From github.com:Rafapleum77/radio_audio
   016deca81..4558873c6  main       -> origin/main
You are not currently on a branch.
Please specify which branch you want to rebase against.
See git-pull(1) for details.

    git pull <remote> <branch>


[03:54] Buscando LiveCoins RSS...
  8 artigos salvos em livecoins.json
  Git: From github.com:Rafapleum77/radio_audio
   35db26af4..12bc41a3a  main       -> origin/main
You are not currently on a branch.
Please specify which branch you want to rebase against.
See git-pull(1) for details.

    git pull <remote> <branch>


[04:54] Buscando LiveCoins RSS...
  8 artigos salvos em livecoins.json
  Git: From github.com:Rafapleum77/radio_audio
   a05ad7dac..37c5c2dbf  main       -> origin/main
You are not currently on a branch.
Please specify which branch you want to rebase against.
See git-pull(1) for details.

    git pull <remote> <branch>


[05:54] Buscando LiveCoins RSS...
  8 artigos salvos em livecoins.json
  Git: From github.com:Rafapleum77/radio_audio
   c6b158b31..7c97cddab  main       -> origin/main
You are not currently on a branch.
Please specify which branch you want to rebase against.
See git-pull(1) for details.

    git pull <remote> <branch>


[06:54] Buscando LiveCoins RSS...
  8 artigos salvos em livecoins.json
  Git: From github.com:Rafapleum77/radio_audio
   f8f0318d2..b2ae3c163  main       -> origin/main
You are not currently on a branch.
Please specify which branch you want to rebase against.
See git-pull(1) for details.

    git pull <remote> <branch>


[07:54] Buscando LiveCoins RSS...
  8 artigos salvos em livecoins.json
  Git: From github.com:Rafapleum77/radio_audio
   7646616c4..fb09efed5  main       -> origin/main
You are not currently on a branch.
Please specify which branch you want to rebase against.
See git-pull(1) for details.

    git pull <remote> <branch>


[08:54] Buscando LiveCoins RSS...
  8 artigos salvos em livecoins.json
  Git: From github.com:Rafapleum77/radio_audio
   d4fcc26a1..10614c0e3  main       -> origin/main
You are not currently on a branch.
Please specify which branch you want to rebase against.
See git-pull(1) for details.

    git pull <remote> <branch>


[09:54] Buscando LiveCoins RSS...
  8 artigos salvos em livecoins.json
  Git: From github.com:Rafapleum77/radio_audio
   4baecbbd1..745189a21  main       -> origin/main
You are not currently on a branch.
Please specify which branch you want to rebase against.
See git-pull(1) for details.

    git pull <remote> <branch>


[10:54] Buscando LiveCoins RSS...
  8 artigos salvos em livecoins.json
  Git: From github.com:Rafapleum77/radio_audio
   5dd1c8502..4011696bd  main       -> origin/main
You are not currently on a branch.
Please specify which branch you want to rebase against.
See git-pull(1) for details.

    git pull <remote> <branch>


[11:55] Buscando LiveCoins RSS...
  8 artigos salvos em livecoins.json
  Git: From github.com:Rafapleum77/radio_audio
   0257be902..db038ab29  main       -> origin/main
You are not currently on a branch.
Please specify which branch you want to rebase against.
See git-pull(1) for details.

    git pull <remote> <branch>


[12:55] Buscando LiveCoins RSS...
  8 artigos salvos em livecoins.json
  Git: From github.com:Rafapleum77/radio_audio
   3088eb8e2..767df3bda  main       -> origin/main
You are not currently on a branch.
Please specify which branch you want to rebase against.
See git-pull(1) for details.

    git pull <remote> <branch>


[13:55] Buscando LiveCoins RSS...
  8 artigos salvos em livecoins.json
  Git: From github.com:Rafapleum77/radio_audio
   8a19d2e87..865f04a0d  main       -> origin/main
You are not currently on a branch.
Please specify which branch you want to rebase against.
See git-pull(1) for details.

    git pull <remote> <branch>


[14:55] Buscando LiveCoins RSS...
  8 artigos salvos em livecoins.json
  Git: You are not currently on a branch.
Please specify which branch you want to rebase against.
See git-pull(1) for details.

    git pull <remote> <branch>


[15:55] Buscando LiveCoins RSS...
  Erro: The read operation timed out
[16:55] Buscando LiveCoins RSS...
  8 artigos salvos em livecoins.json
  Git: You are not currently on a branch.
Please specify which branch you want to rebase against.
See git-pull(1) for details.

    git pull <remote> <branch>


[17:55] Buscando LiveCoins RSS...
  8 artigos salvos em livecoins.json
  Git: You are not currently on a branch.
Please specify which branch you want to rebase against.
See git-pull(1) for details.

    git pull <remote> <branch>


[18:55] Buscando LiveCoins RSS...
  8 artigos salvos em livecoins.json
  Git: You are not currently on a branch.
Please specify which branch you want to rebase against.
See git-pull(1) for details.

    git pull <remote> <branch>


[19:55] Buscando LiveCoins RSS...
  8 artigos salvos em livecoins.json
  Git: You are not currently on a branch.
Please specify which branch you want to rebase against.
See git-pull(1) for details.

    git pull <remote> <branch>


[20:55] Buscando LiveCoins RSS...
  8 artigos salvos em livecoins.json
  Git: You are not currently on a branch.
Please specify which branch you want to rebase against.
See git-pull(1) for details.

    git pull <remote> <branch>


[21:55] Buscando LiveCoins RSS...
  8 artigos salvos em livecoins.json
  Git: You are not currently on a branch.
Please specify which branch you want to rebase against.
See git-pull(1) for details.

    git pull <remote> <branch>


[22:55] Buscando LiveCoins RSS...
  8 artigos salvos em livecoins.json
  Git: You are not currently on a branch.
Please specify which branch you want to rebase against.
See git-pull(1) for details.

    git pull <remote> <branch>


[23:56] Buscando LiveCoins RSS...
  8 artigos salvos em livecoins.json
  Git: You are not currently on a branch.
Please specify which branch you want to rebase against.
See git-pull(1) for details.

    git pull <remote> <branch>


[00:56] Buscando LiveCoins RSS...
  8 artigos salvos em livecoins.json
  Git: You are not currently on a branch.
Please specify which branch you want to rebase against.
See git-pull(1) for details.

    git pull <remote> <branch>


[01:56] Buscando LiveCoins RSS...
  8 artigos salvos em livecoins.json
  Git: You are not currently on a branch.
Please specify which branch you want to rebase against.
See git-pull(1) for details.

    git pull <remote> <branch>


[02:56] Buscando LiveCoins RSS...
  8 artigos salvos em livecoins.json
  Git: You are not currently on a branch.
Please specify which branch you want to rebase against.
See git-pull(1) for details.

    git pull <remote> <branch>


[03:56] Buscando LiveCoins RSS...
  8 artigos salvos em livecoins.json
  Git: You are not currently on a branch.
Please specify which branch you want to rebase against.
See git-pull(1) for details.

    git pull <remote> <branch>


[04:56] Buscando LiveCoins RSS...
  8 artigos salvos em livecoins.json
  Git: You are not currently on a branch.
Please specify which branch you want to rebase against.
See git-pull(1) for details.

    git pull <remote> <branch>


[05:56] Buscando LiveCoins RSS...
  8 artigos salvos em livecoins.json
  Git: You are not currently on a branch.
Please specify which branch you want to rebase against.
See git-pull(1) for details.

    git pull <remote> <branch>


[06:56] Buscando LiveCoins RSS...
  8 artigos salvos em livecoins.json
  Git: You are not currently on a branch.
Please specify which branch you want to rebase against.
See git-pull(1) for details.

    git pull <remote> <branch>


[07:56] Buscando LiveCoins RSS...
  8 artigos salvos em livecoins.json
  Git: You are not currently on a branch.
Please specify which branch you want to rebase against.
See git-pull(1) for details.

    git pull <remote> <branch>


[08:56] Buscando LiveCoins RSS...
  8 artigos salvos em livecoins.json
  Git: You are not currently on a branch.
Please specify which branch you want to rebase against.
See git-pull(1) for details.

    git pull <remote> <branch>


[09:56] Buscando LiveCoins RSS...
  8 artigos salvos em livecoins.json
  Git: You are not currently on a branch.
Please specify which branch you want to rebase against.
See git-pull(1) for details.

    git pull <remote> <branch>


[10:56] Buscando LiveCoins RSS...
  8 artigos salvos em livecoins.json
  Git: You are not currently on a branch.
Please specify which branch you want to rebase against.
See git-pull(1) for details.

    git pull <remote> <branch>


[11:56] Buscando LiveCoins RSS...
  8 artigos salvos em livecoins.json
  Git: You are not currently on a branch.
Please specify which branch you want to rebase against.
See git-pull(1) for details.

    git pull <remote> <branch>


[12:56] Buscando LiveCoins RSS...
  8 artigos salvos em livecoins.json
  Git: You are not currently on a branch.
Please specify which branch you want to rebase against.
See git-pull(1) for details.

    git pull <remote> <branch>


[13:56] Buscando LiveCoins RSS...
  8 artigos salvos em livecoins.json
  Git: From github.com:Rafapleum77/radio_audio
   e297fbda8..66ad48872  main       -> origin/main
You are not currently on a branch.
Please specify which branch you want to rebase against.
See git-pull(1) for details.

    git pull <remote> <branch>


[14:56] Buscando LiveCoins RSS...
  8 artigos salvos em livecoins.json
  Git: You are not currently on a branch.
Please specify which branch you want to rebase against.
See git-pull(1) for details.

    git pull <remote> <branch>


[15:56] Buscando LiveCoins RSS...
  8 artigos salvos em livecoins.json
  Git: From github.com:Rafapleum77/radio_audio
   08613d24d8..19c7bec17e  main       -> origin/main
warning: fetch updated the current branch head.
fast-forwarding your working tree from
commit 2c84f72b4425f2a16a0d3a12786097f1a83796ec.
error: Your local changes to the following files would be overwritten by merge:
	pnl_real.json
Please commit your changes or stash them before you merge.
Aborting
fatal: Cannot fast-forward your working tree.
After making sure that you saved anything precious from
$ git diff 2c84f72b4425f2a16a0d3a12786097f1a83796ec
output, run
$ git reset --hard
to recover.

[16:56] Buscando LiveCoins RSS...
  8 artigos salvos em livecoins.json
  Git: From github.com:Rafapleum77/radio_audio
   d96a06391..35276e500  main       -> origin/main
You are not currently on a branch.
Please specify which branch you want to rebase against.
See git-pull(1) for details.

    git pull <remote> <branch>


[17:57] Buscando LiveCoins RSS...
  8 artigos salvos em livecoins.json
  Git: From github.com:Rafapleum77/radio_audio
   cc29fdff9..961cddfb6  main       -> origin/main
You are not currently on a branch.
Please specify which branch you want to rebase against.
See git-pull(1) for details.

    git pull <remote> <branch>


[18:57] Buscando LiveCoins RSS...
  8 artigos salvos em livecoins.json
  Git: From github.com:Rafapleum77/radio_audio
   baf75d0f3..bf088de78  main       -> origin/main
You are not currently on a branch.
Please specify which branch you want to rebase against.
See git-pull(1) for details.

    git pull <remote> <branch>


[19:57] Buscando LiveCoins RSS...
  8 artigos salvos em livecoins.json
  Git: From github.com:Rafapleum77/radio_audio
   d6b1c6e17..251478477  main       -> origin/main
You are not currently on a branch.
Please specify which branch you want to rebase against.
See git-pull(1) for details.

    git pull <remote> <branch>


[20:57] Buscando LiveCoins RSS...
  8 artigos salvos em livecoins.json
  Git: From github.com:Rafapleum77/radio_audio
   67e95699c..7054b3b60  main       -> origin/main
You are not currently on a branch.
Please specify which branch you want to rebase against.
See git-pull(1) for details.

    git pull <remote> <branch>


[21:57] Buscando LiveCoins RSS...
  8 artigos salvos em livecoins.json
  Git: From github.com:Rafapleum77/radio_audio
   43b22d167..5508e8699  main       -> origin/main
You are not currently on a branch.
Please specify which branch you want to rebase against.
See git-pull(1) for details.

    git pull <remote> <branch>


[22:57] Buscando LiveCoins RSS...
  8 artigos salvos em livecoins.json
  Git: From github.com:Rafapleum77/radio_audio
   967d4d98b..984175c80  main       -> origin/main
You are not currently on a branch.
Please specify which branch you want to rebase against.
See git-pull(1) for details.

    git pull <remote> <branch>


[23:57] Buscando LiveCoins RSS...
  8 artigos salvos em livecoins.json
  Git: From github.com:Rafapleum77/radio_audio
   5b4130656..f1f1cb718  main       -> origin/main
You are not currently on a branch.
Please specify which branch you want to rebase against.
See git-pull(1) for details.

    git pull <remote> <branch>


[00:57] Buscando LiveCoins RSS...
  8 artigos salvos em livecoins.json
  Git: From github.com:Rafapleum77/radio_audio
   a4b575469..1388aeedf  main       -> origin/main
You are not currently on a branch.
Please specify which branch you want to rebase against.
See git-pull(1) for details.

    git pull <remote> <branch>


[01:57] Buscando LiveCoins RSS...
  8 artigos salvos em livecoins.json
  Git: From github.com:Rafapleum77/radio_audio
   05cf5a242..12736f8eb  main       -> origin/main
You are not currently on a branch.
Please specify which branch you want to rebase against.
See git-pull(1) for details.

    git pull <remote> <branch>


[02:57] Buscando LiveCoins RSS...
  8 artigos salvos em livecoins.json
  Git: From github.com:Rafapleum77/radio_audio
   c40e8dc6e..2b03f1c77  main       -> origin/main
You are not currently on a branch.
Please specify which branch you want to rebase against.
See git-pull(1) for details.

    git pull <remote> <branch>


[03:57] Buscando LiveCoins RSS...
  8 artigos salvos em livecoins.json
  Git: From github.com:Rafapleum77/radio_audio
   2fde1adca..35d054176  main       -> origin/main
You are not currently on a branch.
Please specify which branch you want to rebase against.
See git-pull(1) for details.

    git pull <remote> <branch>


[04:57] Buscando LiveCoins RSS...
  8 artigos salvos em livecoins.json
  Git: From github.com:Rafapleum77/radio_audio
   20bab804c..f31535a56  main       -> origin/main
You are not currently on a branch.
Please specify which branch you want to rebase against.
See git-pull(1) for details.

    git pull <remote> <branch>


[05:57] Buscando LiveCoins RSS...
  8 artigos salvos em livecoins.json
  Git: From github.com:Rafapleum77/radio_audio
   0d1b04a7f..9a003333b  main       -> origin/main
You are not currently on a branch.
Please specify which branch you want to rebase against.
See git-pull(1) for details.

    git pull <remote> <branch>


[06:57] Buscando LiveCoins RSS...
  8 artigos salvos em livecoins.json
  Git: From github.com:Rafapleum77/radio_audio
   52ecc4409..60ce4b446  main       -> origin/main
You are not currently on a branch.
Please specify which branch you want to rebase against.
See git-pull(1) for details.

    git pull <remote> <branch>


[07:57] Buscando LiveCoins RSS...
  8 artigos salvos em livecoins.json
  Git: From github.com:Rafapleum77/radio_audio
   1c34a4a53..c120431c6  main       -> origin/main
You are not currently on a branch.
Please specify which branch you want to rebase against.
See git-pull(1) for details.

    git pull <remote> <branch>


[08:57] Buscando LiveCoins RSS...
  8 artigos salvos em livecoins.json
  Git: From github.com:Rafapleum77/radio_audio
   48d5585cc..1a04a481e  main       -> origin/main
You are not currently on a branch.
Please specify which branch you want to rebase against.
See git-pull(1) for details.

    git pull <remote> <branch>


[09:57] Buscando LiveCoins RSS...
  8 artigos salvos em livecoins.json
  Git: From github.com:Rafapleum77/radio_audio
   580b5fe9d..c0bc90d65  main       -> origin/main
You are not currently on a branch.
Please specify which branch you want to rebase against.
See git-pull(1) for details.

    git pull <remote> <branch>


[10:57] Buscando LiveCoins RSS...
  8 artigos salvos em livecoins.json
  Git: From github.com:Rafapleum77/radio_audio
   877b50aff..046ae9c6e  main       -> origin/main
You are not currently on a branch.
Please specify which branch you want to rebase against.
See git-pull(1) for details.

    git pull <remote> <branch>


[11:58] Buscando LiveCoins RSS...
  8 artigos salvos em livecoins.json
  Git: From github.com:Rafapleum77/radio_audio
   5a04f4d27..eb17140ce  main       -> origin/main
You are not currently on a branch.
Please specify which branch you want to rebase against.
See git-pull(1) for details.

    git pull <remote> <branch>


[12:58] Buscando LiveCoins RSS...
  8 artigos salvos em livecoins.json
  Git: From github.com:Rafapleum77/radio_audio
   e27e0610b..4c2f91c81  main       -> origin/main
You are not currently on a branch.
Please specify which branch you want to rebase against.
See git-pull(1) for details.

    git pull <remote> <branch>


[13:58] Buscando LiveCoins RSS...
  8 artigos salvos em livecoins.json
  Git: From github.com:Rafapleum77/radio_audio
   fae63d4ae..a22ad6aba  main       -> origin/main
You are not currently on a branch.
Please specify which branch you want to rebase against.
See git-pull(1) for details.

    git pull <remote> <branch>


[14:58] Buscando LiveCoins RSS...
  8 artigos salvos em livecoins.json
  Git: From github.com:Rafapleum77/radio_audio
   81187072f..f6764acc2  main       -> origin/main
You are not currently on a branch.
Please specify which branch you want to rebase against.
See git-pull(1) for details.

    git pull <remote> <branch>


[15:58] Buscando LiveCoins RSS...
  8 artigos salvos em livecoins.json
  Git: From github.com:Rafapleum77/radio_audio
   2887de357..b8e46b766  main       -> origin/main
You are not currently on a branch.
Please specify which branch you want to rebase against.
See git-pull(1) for details.

    git pull <remote> <branch>


[16:58] Buscando LiveCoins RSS...
  8 artigos salvos em livecoins.json
  Git: From github.com:Rafapleum77/radio_audio
   fdaf7776c..e5048182f  main       -> origin/main
You are not currently on a branch.
Please specify which branch you want to rebase against.
See git-pull(1) for details.

    git pull <remote> <branch>


[20:13] Buscando LiveCoins RSS...
  8 artigos salvos em livecoins.json
  Push feito.
[21:13] Buscando LiveCoins RSS...
  8 artigos salvos em livecoins.json
  Push feito.
[22:14] Buscando LiveCoins RSS...
  8 artigos salvos em livecoins.json
  Git: warning: fetch updated the current branch head.
fast-forwarding your working tree from
commit aa289345fdcb1236d96d3c7b4f3f9654533df913.
error: Your local changes to the following files would be overwritten by merge:
	bots_status.json
	commodities.json
	ticker_data.json
Please commit your changes or stash them before you merge.
Aborting
fatal: Cannot fast-forward your working tree.
After making sure that you saved anything precious from
$ git diff aa289345fdcb1236d96d3c7b4f3f9654533df913
output, run
$ git reset --hard
to recover.

[00:14] Buscando LiveCoins RSS...
  8 artigos salvos em livecoins.json
  Git: From github.com:Rafapleum77/radio_audio
   27e22559c..b9d537f41  main       -> origin/main
fatal: It seems that there is already a rebase-merge directory, and
I wonder if you are in the middle of another rebase.  If that is the
case, please try
	git rebase (--continue | --abort | --skip)
If that is not the case, please
	rm -fr ".git/rebase-merge"
and run me again.  I am stopping in case you still have something
valuable there.


[01:14] Buscando LiveCoins RSS...
  8 artigos salvos em livecoins.json
  Git: From github.com:Rafapleum77/radio_audio
   ae910ab7a..a73c340c0  main       -> origin/main
fatal: It seems that there is already a rebase-merge directory, and
I wonder if you are in the middle of another rebase.  If that is the
case, please try
	git rebase (--continue | --abort | --skip)
If that is not the case, please
	rm -fr ".git/rebase-merge"
and run me again.  I am stopping in case you still have something
valuable there.


[02:14] Buscando LiveCoins RSS...
  8 artigos salvos em livecoins.json
  Git: From github.com:Rafapleum77/radio_audio
   3fcc279b8..ad65a4028  main       -> origin/main
fatal: It seems that there is already a rebase-merge directory, and
I wonder if you are in the middle of another rebase.  If that is the
case, please try
	git rebase (--continue | --abort | --skip)
If that is not the case, please
	rm -fr ".git/rebase-merge"
and run me again.  I am stopping in case you still have something
valuable there.


[03:14] Buscando LiveCoins RSS...
  8 artigos salvos em livecoins.json
  Git: From github.com:Rafapleum77/radio_audio
   6851c8423..33c7ae495  main       -> origin/main
fatal: It seems that there is already a rebase-merge directory, and
I wonder if you are in the middle of another rebase.  If that is the
case, please try
	git rebase (--continue | --abort | --skip)
If that is not the case, please
	rm -fr ".git/rebase-merge"
and run me again.  I am stopping in case you still have something
valuable there.


[04:14] Buscando LiveCoins RSS...
  8 artigos salvos em livecoins.json
  Git: From github.com:Rafapleum77/radio_audio
   afa062cc0..801b62e7d  main       -> origin/main
fatal: It seems that there is already a rebase-merge directory, and
I wonder if you are in the middle of another rebase.  If that is the
case, please try
	git rebase (--continue | --abort | --skip)
If that is not the case, please
	rm -fr ".git/rebase-merge"
and run me again.  I am stopping in case you still have something
valuable there.


[09:12] Buscando LiveCoins RSS...
  8 artigos salvos em livecoins.json
  Git: From github.com:Rafapleum77/radio_audio
   97ebe363a..464135d54  main       -> origin/main
fatal: It seems that there is already a rebase-merge directory, and
I wonder if you are in the middle of another rebase.  If that is the
case, please try
	git rebase (--continue | --abort | --skip)
If that is not the case, please
	rm -fr ".git/rebase-merge"
and run me again.  I am stopping in case you still have something
valuable there.


[10:12] Buscando LiveCoins RSS...
  8 artigos salvos em livecoins.json
  Git: From github.com:Rafapleum77/radio_audio
   8ae8dde66..48c15005b  main       -> origin/main
fatal: It seems that there is already a rebase-merge directory, and
I wonder if you are in the middle of another rebase.  If that is the
case, please try
	git rebase (--continue | --abort | --skip)
If that is not the case, please
	rm -fr ".git/rebase-merge"
and run me again.  I am stopping in case you still have something
valuable there.


[11:12] Buscando LiveCoins RSS...
  8 artigos salvos em livecoins.json
  Git: From github.com:Rafapleum77/radio_audio
   ac57efe77..7fd932047  main       -> origin/main
fatal: It seems that there is already a rebase-merge directory, and
I wonder if you are in the middle of another rebase.  If that is the
case, please try
	git rebase (--continue | --abort | --skip)
If that is not the case, please
	rm -fr ".git/rebase-merge"
and run me again.  I am stopping in case you still have something
valuable there.


